Vocab size: 8,192
Model config: {'sequence_len': 2048, 'vocab_size': 8192, 'n_layer': 12, 'n_head': 6, 'n_kv_head': 6, 'n_embd': 768, 'window_pattern': 'SSSL'}
Parameter counts:
  wte                     : 6,291,456
  value_embeds            : 37,748,736
  lm_head                 : 6,291,456
  transformer_matrices    : 84,935,808
  scalars                 : 24
  total                   : 135,267,480
Estimated FLOPs per token: 6.889213e+08
Scaling AdamW LRs by 1/sqrt(768/768) = 1.000000
Time budget: 300s
Gradient accumulation steps: 16

step 00000 (0.0%) | loss: 9.011206 | lrm: 1.00 | dt: 51179ms | tok/sec: 10,244 | mfu: 10.1% | epoch: 1 | remaining: 300s    
step 00001 (0.0%) | loss: 8.798701 | lrm: 1.00 | dt: 7131ms | tok/sec: 73,525 | mfu: 72.4% | epoch: 1 | remaining: 300s    
step 00002 (0.0%) | loss: 8.321337 | lrm: 1.00 | dt: 7131ms | tok/sec: 73,526 | mfu: 72.4% | epoch: 1 | remaining: 300s    
step 00003 (0.0%) | loss: 7.823909 | lrm: 1.00 | dt: 7132ms | tok/sec: 73,512 | mfu: 72.3% | epoch: 1 | remaining: 300s    
step 00004 (0.0%) | loss: 7.438185 | lrm: 1.00 | dt: 7134ms | tok/sec: 73,494 | mfu: 72.3% | epoch: 1 | remaining: 300s    
step 00005 (0.0%) | loss: 7.139456 | lrm: 1.00 | dt: 7135ms | tok/sec: 73,485 | mfu: 72.3% | epoch: 1 | remaining: 300s    
step 00006 (0.0%) | loss: 6.894770 | lrm: 1.00 | dt: 7134ms | tok/sec: 73,490 | mfu: 72.3% | epoch: 1 | remaining: 300s    
step 00007 (0.0%) | loss: 6.691437 | lrm: 1.00 | dt: 7134ms | tok/sec: 73,490 | mfu: 72.3% | epoch: 1 | remaining: 300s    
step 00008 (0.0%) | loss: 6.520067 | lrm: 1.00 | dt: 7134ms | tok/sec: 73,488 | mfu: 72.3% | epoch: 1 | remaining: 300s    
step 00009 (0.0%) | loss: 6.362798 | lrm: 1.00 | dt: 7135ms | tok/sec: 73,484 | mfu: 72.3% | epoch: 1 | remaining: 300s    
step 00010 (0.0%) | loss: 6.249955 | lrm: 1.00 | dt: 7133ms | tok/sec: 73,497 | mfu: 72.3% | epoch: 1 | remaining: 300s    
step 00011 (0.0%) | loss: 6.138819 | lrm: 1.00 | dt: 7134ms | tok/sec: 73,487 | mfu: 72.3% | epoch: 1 | remaining: 293s    
step 00012 (2.4%) | loss: 6.035782 | lrm: 1.00 | dt: 7134ms | tok/sec: 73,488 | mfu: 72.3% | epoch: 1 | remaining: 286s    
step 00013 (4.8%) | loss: 5.960222 | lrm: 1.00 | dt: 7134ms | tok/sec: 73,490 | mfu: 72.3% | epoch: 1 | remaining: 279s    
step 00014 (7.1%) | loss: 5.896061 | lrm: 1.00 | dt: 7134ms | tok/sec: 73,490 | mfu: 72.3% | epoch: 1 | remaining: 271s    
step 00015 (9.5%) | loss: 5.835135 | lrm: 1.00 | dt: 7134ms | tok/sec: 73,489 | mfu: 72.3% | epoch: 1 | remaining: 264s    
step 00016 (11.9%) | loss: 5.784044 | lrm: 1.00 | dt: 7134ms | tok/sec: 73,489 | mfu: 72.3% | epoch: 1 | remaining: 257s    
step 00017 (14.3%) | loss: 5.735345 | lrm: 1.00 | dt: 7134ms | tok/sec: 73,490 | mfu: 72.3% | epoch: 1 | remaining: 250s    
step 00018 (16.6%) | loss: 5.692658 | lrm: 1.00 | dt: 7134ms | tok/sec: 73,489 | mfu: 72.3% | epoch: 1 | remaining: 243s    
step 00019 (19.0%) | loss: 5.650900 | lrm: 1.00 | dt: 7134ms | tok/sec: 73,495 | mfu: 72.3% | epoch: 1 | remaining: 236s    
step 00020 (21.4%) | loss: 5.604064 | lrm: 1.00 | dt: 7134ms | tok/sec: 73,491 | mfu: 72.3% | epoch: 1 | remaining: 229s    
step 00021 (23.8%) | loss: 5.569461 | lrm: 1.00 | dt: 7134ms | tok/sec: 73,494 | mfu: 72.3% | epoch: 1 | remaining: 222s    
step 00022 (26.2%) | loss: 5.540879 | lrm: 1.00 | dt: 7134ms | tok/sec: 73,492 | mfu: 72.3% | epoch: 1 | remaining: 214s    
step 00023 (28.5%) | loss: 5.502101 | lrm: 1.00 | dt: 7134ms | tok/sec: 73,493 | mfu: 72.3% | epoch: 1 | remaining: 207s    
step 00024 (30.9%) | loss: 5.473176 | lrm: 1.00 | dt: 7134ms | tok/sec: 73,487 | mfu: 72.3% | epoch: 1 | remaining: 200s    
step 00025 (33.3%) | loss: 5.435704 | lrm: 1.00 | dt: 7134ms | tok/sec: 73,492 | mfu: 72.3% | epoch: 1 | remaining: 193s    
step 00026 (35.7%) | loss: 5.401727 | lrm: 1.00 | dt: 7134ms | tok/sec: 73,493 | mfu: 72.3% | epoch: 1 | remaining: 186s    
step 00027 (38.0%) | loss: 5.370405 | lrm: 1.00 | dt: 7134ms | tok/sec: 73,493 | mfu: 72.3% | epoch: 1 | remaining: 179s    
step 00028 (40.4%) | loss: 5.345565 | lrm: 1.00 | dt: 7134ms | tok/sec: 73,492 | mfu: 72.3% | epoch: 1 | remaining: 172s    
step 00029 (42.8%) | loss: 5.322023 | lrm: 1.00 | dt: 7134ms | tok/sec: 73,490 | mfu: 72.3% | epoch: 1 | remaining: 164s    
step 00030 (45.2%) | loss: 5.293660 | lrm: 1.00 | dt: 7134ms | tok/sec: 73,496 | mfu: 72.3% | epoch: 1 | remaining: 157s    
step 00031 (47.6%) | loss: 5.258853 | lrm: 1.00 | dt: 7133ms | tok/sec: 73,498 | mfu: 72.3% | epoch: 1 | remaining: 150s    
step 00032 (49.9%) | loss: 5.228759 | lrm: 1.00 | dt: 7133ms | tok/sec: 73,497 | mfu: 72.3% | epoch: 1 | remaining: 143s    
step 00033 (52.3%) | loss: 5.193644 | lrm: 0.95 | dt: 7134ms | tok/sec: 73,493 | mfu: 72.3% | epoch: 1 | remaining: 136s    
step 00034 (54.7%) | loss: 5.155048 | lrm: 0.91 | dt: 7134ms | tok/sec: 73,496 | mfu: 72.3% | epoch: 1 | remaining: 129s    
step 00035 (57.1%) | loss: 5.128924 | lrm: 0.86 | dt: 7134ms | tok/sec: 73,493 | mfu: 72.3% | epoch: 1 | remaining: 122s    
step 00036 (59.4%) | loss: 5.106149 | lrm: 0.81 | dt: 7134ms | tok/sec: 73,496 | mfu: 72.3% | epoch: 1 | remaining: 115s    
step 00037 (61.8%) | loss: 5.072740 | lrm: 0.76 | dt: 7133ms | tok/sec: 73,497 | mfu: 72.3% | epoch: 1 | remaining: 107s    
step 00038 (64.2%) | loss: 5.046469 | lrm: 0.72 | dt: 7133ms | tok/sec: 73,498 | mfu: 72.3% | epoch: 1 | remaining: 100s    
step 00039 (66.6%) | loss: 5.001991 | lrm: 0.67 | dt: 7133ms | tok/sec: 73,497 | mfu: 72.3% | epoch: 1 | remaining: 93s    
step 00040 (69.0%) | loss: 4.969551 | lrm: 0.62 | dt: 7133ms | tok/sec: 73,498 | mfu: 72.3% | epoch: 1 | remaining: 86s    
step 00041 (71.3%) | loss: 4.947238 | lrm: 0.57 | dt: 7134ms | tok/sec: 73,496 | mfu: 72.3% | epoch: 1 | remaining: 79s    
step 00042 (73.7%) | loss: 4.915255 | lrm: 0.53 | dt: 7134ms | tok/sec: 73,496 | mfu: 72.3% | epoch: 1 | remaining: 72s    
step 00043 (76.1%) | loss: 4.876714 | lrm: 0.48 | dt: 7134ms | tok/sec: 73,496 | mfu: 72.3% | epoch: 1 | remaining: 65s    
step 00044 (78.5%) | loss: 4.848173 | lrm: 0.43 | dt: 7133ms | tok/sec: 73,497 | mfu: 72.3% | epoch: 1 | remaining: 57s    
step 00045 (80.8%) | loss: 4.829640 | lrm: 0.38 | dt: 7134ms | tok/sec: 73,495 | mfu: 72.3% | epoch: 1 | remaining: 50s    
step 00046 (83.2%) | loss: 4.793817 | lrm: 0.34 | dt: 7134ms | tok/sec: 73,492 | mfu: 72.3% | epoch: 1 | remaining: 43s    
step 00047 (85.6%) | loss: 4.763025 | lrm: 0.29 | dt: 7134ms | tok/sec: 73,494 | mfu: 72.3% | epoch: 1 | remaining: 36s    
step 00048 (88.0%) | loss: 4.739846 | lrm: 0.24 | dt: 7134ms | tok/sec: 73,496 | mfu: 72.3% | epoch: 1 | remaining: 29s    
step 00049 (90.4%) | loss: 4.716226 | lrm: 0.19 | dt: 7134ms | tok/sec: 73,496 | mfu: 72.3% | epoch: 1 | remaining: 22s    
step 00050 (92.7%) | loss: 4.685019 | lrm: 0.15 | dt: 7133ms | tok/sec: 73,499 | mfu: 72.3% | epoch: 1 | remaining: 15s    
step 00051 (95.1%) | loss: 4.673772 | lrm: 0.10 | dt: 7133ms | tok/sec: 73,499 | mfu: 72.3% | epoch: 1 | remaining: 8s    
step 00052 (97.5%) | loss: 4.651812 | lrm: 0.05 | dt: 7133ms | tok/sec: 73,501 | mfu: 72.3% | epoch: 1 | remaining: 0s    
step 00053 (99.9%) | loss: 4.633445 | lrm: 0.00 | dt: 7133ms | tok/sec: 73,498 | mfu: 72.3% | epoch: 1 | remaining: 0s    
---
val_bpb:          1.594283
training_seconds: 306.7
total_seconds:    551.1
peak_vram_mb:     13463.2
mfu_percent:      74.01
total_tokens_M:   28.3
num_steps:        54
num_params_M:     135.3
depth:            12
